// Jest Snapshot v1, https://goo.gl/fbAQLP

exports[`App renders correctly 1`] = `
Object {
  "asFragment": [Function],
  "baseElement": <body>
    <div>
      <div>
        <div
          class="container-splash d-flex flex-column align-items-center"
        >
          <div
            class="splash-title container d-flex flex-column align-items-center"
          >
            <p
              class="display-3"
            >
              <span
                class="logo-text-style"
              >
                Find a doctor
              </span>
               
              and book online
            </p>
          </div>
          <div
            class="btn-container d-flex flex-column mt-5 pt-5 align-items-center text-center"
          >
            <a
              class="h6 rounded-pill splash-btn"
              href="/signup"
            >
              GET STARTED
            </a>
            <a
              class="h6 rounded-pill splash-btn"
              href="/signin"
            >
              LOGIN
            </a>
          </div>
        </div>
      </div>
    </div>
  </body>,
  "container": <div>
    <div>
      <div
        class="container-splash d-flex flex-column align-items-center"
      >
        <div
          class="splash-title container d-flex flex-column align-items-center"
        >
          <p
            class="display-3"
          >
            <span
              class="logo-text-style"
            >
              Find a doctor
            </span>
             
            and book online
          </p>
        </div>
        <div
          class="btn-container d-flex flex-column mt-5 pt-5 align-items-center text-center"
        >
          <a
            class="h6 rounded-pill splash-btn"
            href="/signup"
          >
            GET STARTED
          </a>
          <a
            class="h6 rounded-pill splash-btn"
            href="/signin"
          >
            LOGIN
          </a>
        </div>
      </div>
    </div>
  </div>,
  "debug": [Function],
  "findAllByAltText": [Function],
  "findAllByDisplayValue": [Function],
  "findAllByLabelText": [Function],
  "findAllByPlaceholderText": [Function],
  "findAllByRole": [Function],
  "findAllByTestId": [Function],
  "findAllByText": [Function],
  "findAllByTitle": [Function],
  "findByAltText": [Function],
  "findByDisplayValue": [Function],
  "findByLabelText": [Function],
  "findByPlaceholderText": [Function],
  "findByRole": [Function],
  "findByTestId": [Function],
  "findByText": [Function],
  "findByTitle": [Function],
  "getAllByAltText": [Function],
  "getAllByDisplayValue": [Function],
  "getAllByLabelText": [Function],
  "getAllByPlaceholderText": [Function],
  "getAllByRole": [Function],
  "getAllByTestId": [Function],
  "getAllByText": [Function],
  "getAllByTitle": [Function],
  "getByAltText": [Function],
  "getByDisplayValue": [Function],
  "getByLabelText": [Function],
  "getByPlaceholderText": [Function],
  "getByRole": [Function],
  "getByTestId": [Function],
  "getByText": [Function],
  "getByTitle": [Function],
  "queryAllByAltText": [Function],
  "queryAllByDisplayValue": [Function],
  "queryAllByLabelText": [Function],
  "queryAllByPlaceholderText": [Function],
  "queryAllByRole": [Function],
  "queryAllByTestId": [Function],
  "queryAllByText": [Function],
  "queryAllByTitle": [Function],
  "queryByAltText": [Function],
  "queryByDisplayValue": [Function],
  "queryByLabelText": [Function],
  "queryByPlaceholderText": [Function],
  "queryByRole": [Function],
  "queryByTestId": [Function],
  "queryByText": [Function],
  "queryByTitle": [Function],
  "rerender": [Function],
  "unmount": [Function],
}
`;
