// Jest Snapshot v1, https://goo.gl/fbAQLP

exports[`SingleDoctor renders correctly 1`] = `
Object {
  "asFragment": [Function],
  "baseElement": <body>
    <div>
      <div
        class="doctors1"
      >
        <div
          class="image-div"
        >
          <img
            alt="Profile of doctor"
            class="doctors-images"
          />
        </div>
        <div
          class="doctor-data"
        >
          <h4 />
          <p>
            .........................
          </p>
          <p />
          <p />
          <div
            class="social-net"
          >
            <a
              href="/"
            >
              <img
                alt="social"
                class="w-8"
                src="insta-icon-home.png"
              />
            </a>
            <a
              href="/"
            >
              <img
                alt="social"
                class="w-8"
                src="fb-icon-home.png"
              />
            </a>
            <a
              href="/"
            >
              <img
                alt="social"
                class="w-8"
                src="twitter-icon-home.png"
              />
            </a>
          </div>
        </div>
      </div>
    </div>
  </body>,
  "container": <div>
    <div
      class="doctors1"
    >
      <div
        class="image-div"
      >
        <img
          alt="Profile of doctor"
          class="doctors-images"
        />
      </div>
      <div
        class="doctor-data"
      >
        <h4 />
        <p>
          .........................
        </p>
        <p />
        <p />
        <div
          class="social-net"
        >
          <a
            href="/"
          >
            <img
              alt="social"
              class="w-8"
              src="insta-icon-home.png"
            />
          </a>
          <a
            href="/"
          >
            <img
              alt="social"
              class="w-8"
              src="fb-icon-home.png"
            />
          </a>
          <a
            href="/"
          >
            <img
              alt="social"
              class="w-8"
              src="twitter-icon-home.png"
            />
          </a>
        </div>
      </div>
    </div>
  </div>,
  "debug": [Function],
  "findAllByAltText": [Function],
  "findAllByDisplayValue": [Function],
  "findAllByLabelText": [Function],
  "findAllByPlaceholderText": [Function],
  "findAllByRole": [Function],
  "findAllByTestId": [Function],
  "findAllByText": [Function],
  "findAllByTitle": [Function],
  "findByAltText": [Function],
  "findByDisplayValue": [Function],
  "findByLabelText": [Function],
  "findByPlaceholderText": [Function],
  "findByRole": [Function],
  "findByTestId": [Function],
  "findByText": [Function],
  "findByTitle": [Function],
  "getAllByAltText": [Function],
  "getAllByDisplayValue": [Function],
  "getAllByLabelText": [Function],
  "getAllByPlaceholderText": [Function],
  "getAllByRole": [Function],
  "getAllByTestId": [Function],
  "getAllByText": [Function],
  "getAllByTitle": [Function],
  "getByAltText": [Function],
  "getByDisplayValue": [Function],
  "getByLabelText": [Function],
  "getByPlaceholderText": [Function],
  "getByRole": [Function],
  "getByTestId": [Function],
  "getByText": [Function],
  "getByTitle": [Function],
  "queryAllByAltText": [Function],
  "queryAllByDisplayValue": [Function],
  "queryAllByLabelText": [Function],
  "queryAllByPlaceholderText": [Function],
  "queryAllByRole": [Function],
  "queryAllByTestId": [Function],
  "queryAllByText": [Function],
  "queryAllByTitle": [Function],
  "queryByAltText": [Function],
  "queryByDisplayValue": [Function],
  "queryByLabelText": [Function],
  "queryByPlaceholderText": [Function],
  "queryByRole": [Function],
  "queryByTestId": [Function],
  "queryByText": [Function],
  "queryByTitle": [Function],
  "rerender": [Function],
  "unmount": [Function],
}
`;
